// Bun Snapshot v1, https://goo.gl/fbAQLP

exports[`just works 1`] = `
"╭────────────────────────────────────────────────────────────╮
│                       \x1B[1mdummy-package\x1B[22m                        │
│                                                            │
│ 🎲 A randomly generated dummy package for testing purposes │
│ \x1B[90m──────────────────────────────────────────────────────────\x1B[39m │
│ \x1B[1m\x1B[32m🔖 Version\x1B[39m\x1B[22m: 1.2.3                                          │
│ \x1B[1m\x1B[32m👤 Author\x1B[39m\x1B[22m: Test Developer (https://example.com)            │
│ \x1B[1m\x1B[32m📄 License\x1B[39m\x1B[22m: Apache-2.0                                     │
│ \x1B[1m\x1B[32m🏠 Homepage\x1B[39m\x1B[22m: https://github.com/test/dummy-package         │
│ \x1B[1m\x1B[32m🐛 Bugs\x1B[39m\x1B[22m: https://github.com/test/dummy-package/issues      │
╰────────────────────────────────────────────────────────────╯"
`;
